[2026-07-23 19:48:47.544] [info]  [EleriumCommunicationLayer] setCfCoreHost called with https://api.curseforge.com.
[2026-07-23 19:48:47.547] [info]  [ConfigurationServiceImpl] Current env: production.
[2026-07-23 19:48:47.558] [info]  [BackgroundController] App version: 1.314.0.36643.
[2026-07-23 19:48:47.559] [info]  [BackgroundController] OS: linux.
[2026-07-23 19:48:47.559] [info]  [BackgroundController] OS version: 7.1.3-arch1-2.
[2026-07-23 19:48:47.559] [info]  [BackgroundController] App startup args: /tmp/.mount_cursefhJnSh5/curseforge.
[2026-07-23 19:48:47.560] [info]  [BackgroundController] ph%: 57.
[2026-07-23 19:48:47.583] [error] [BackgroundController] Failed subscribing app protocol.
[2026-07-23 19:48:47.908] [info]  [BackgroundController] Electron App Ready. Continuing Initialization....
[2026-07-23 19:48:47.909] [info]  [ClientOverridesImpl] Fetching https://curseforge.overwolf.com/downloads/client-overrides-v2.json ....
[2026-07-23 19:48:48.567] [info]  [AppUpdateServiceImpl] Checking if app has an update which is available locally..
[2026-07-23 19:48:48.568] [info]  [AppUpdateServiceImpl] Checking for available application updates. Current app version is 1.314.0-36643.
[2026-07-23 19:48:48.568] [info]  Checking for update
[2026-07-23 19:48:48.568] [info]  Electron Updater - Checking for application update
[2026-07-23 19:48:48.569] [info]  Generated new staging user ID: d9e3e9b6-888c-519d-ae3e-97eabc97abb2
[2026-07-23 19:48:49.257] [info]  Update for version 1.314.0-36643 is not available (latest version: 1.314.0-36643, downgrade is disallowed).
[2026-07-23 19:48:49.257] [info]  Electron Updater - App update is not available. Latest Version: 1.314.0-36643. Release Date: 2026-07-19T09:51:05.028Z
[2026-07-23 19:48:49.257] [info]  [AppUpdateStateChangedEventHandler] App update state changed: [object Object].
[2026-07-23 19:48:49.258] [info]  [AppUpdateServiceImpl] No updates are available for the app..
[2026-07-23 19:48:49.510] [info]  [Renderer - Main Window] Initializing Sentry service [ [] ]
[2026-07-23 19:48:49.536] [info]  [SessionStartedEventHandler] App session started.
[2026-07-23 19:48:49.542] [info]  [AutoUpdateServiceImpl] Starting auto update service.
[2026-07-23 19:48:49.542] [info]  [AutoUpdateServiceImpl] Auto updater is disabled by configuration.
[2026-07-23 19:48:49.542] [info]  [LoginService] Validating login status.
[2026-07-23 19:48:49.543] [info]  [SessionInfoRepositoryImpl] Loading login tokens from storage.
[2026-07-23 19:48:49.543] [info]  [SessionInfoRepositoryImpl] Missing mandatory tokens. Clearing storage.
[2026-07-23 19:48:49.543] [info]  [SessionInfoRepositoryImpl] Clearing tokens from storage.
[2026-07-23 19:48:49.544] [info]  [LoginService] No login tokens found..
[2026-07-23 19:48:49.544] [info]  [SessionInfoRepositoryImpl] Clearing tokens from storage.
[2026-07-23 19:48:49.545] [info]  [LoginService] Notifying logged out status.
[2026-07-23 19:48:49.545] [info]  [SessionInfoRepositoryImpl] Clearing tokens from storage.
[2026-07-23 19:48:49.546] [error] [LoggedOutEventHandler] Failed to update client session info. Error: Radium API is not ready
[2026-07-23 19:48:49.546] [info]  [GameAuthUsersChangedEventHandler] Minecraft Users info loaded.
[2026-07-23 19:48:49.547] [info]  [LoggedOutEventHandler] User is logged out.
[2026-07-23 19:48:49.547] [info]  [MarketingVideosServiceImpl] Fetching https://mrkt.forgecdn.net/app-vids/onboarding_videos.json ....
[2026-07-23 19:48:49.550] [info]  [AppUpdatePeriodicChecker] Running periodic app update check.
[2026-07-23 19:48:49.550] [info]  [AppUpdateServiceImpl] Checking for available application updates. Current app version is 1.314.0-36643.
[2026-07-23 19:48:49.551] [info]  Checking for update
[2026-07-23 19:48:49.551] [info]  Electron Updater - Checking for application update
[2026-07-23 19:48:49.735] [info]  Update for version 1.314.0-36643 is not available (latest version: 1.314.0-36643, downgrade is disallowed).
[2026-07-23 19:48:49.735] [info]  Electron Updater - App update is not available. Latest Version: 1.314.0-36643. Release Date: 2026-07-19T09:51:05.028Z
[2026-07-23 19:48:49.735] [info]  [AppUpdateStateChangedEventHandler] App update state changed: [object Object].
[2026-07-23 19:48:49.735] [info]  [AppUpdateServiceImpl] No updates are available for the app..
[2026-07-23 19:48:49.736] [info]  [AppUpdatePeriodicChecker] No app update. Scheduling the next update check in 900000 milliseconds.
[2026-07-23 19:48:51.074] [error] [SettingsService] Failed to get app content path: Error: Failed to get app content path.
[2026-07-23 19:48:51.079] [info]  [PluginCommunication] Connecting to Mods Agent.
[2026-07-23 19:48:51.080] [info]  [PluginProcessHost] Starting Mods Agent with ports range 57537-57557.
[2026-07-23 19:48:51.080] [info]  [PluginProcessHost] Launching Mods Agent process /tmp/.mount_cursefhJnSh5/resources/app.asar.unpacked/plugins/curse/linux/Curse.Agent.Host with args: --port=57537,--to-port=57557,--pid=11154,--appDataPath=/home/arvid/.config/CurseForge,--api-key=f67546af-9d4b-457c-ac8b-bfa48dd8320c,--clientId=Overwolf.
[2026-07-23 19:48:51.353] [info]  [PluginProcessHost] Agent stdout: Starting CurseForge Agent Host.
[2026-07-23 19:48:51.687] [info]  [PluginProcessHost] Agent stdout: Agent Data path is /home/arvid/.config/CurseForge/agent.
[2026-07-23 19:48:51.688] [info]  [PluginProcessHost] Agent stdout: Agent Log path is /home/arvid/.config/CurseForge/agent/logs.
[2026-07-23 19:48:52.883] [info]  [PluginProcessHost] Agent stdout: 07/23/2026 19:48:52 [Info] Server started at ws://127.0.0.1:57537/CurseForge (actual port 57537) .
[2026-07-23 19:48:52.884] [info]  [PluginProcessHost] Mods Agent started. pid: 11277, port: 57537.
[2026-07-23 19:48:52.885] [info]  [RadiumWebsocketClient] Connecting to Mods Agent CurseForge on ports range 57537-57537.
[2026-07-23 19:48:52.895] [info]  [PluginProcessHost] Agent stdout: Mods Agent server started on port 57537.
[2026-07-23 19:48:52.947] [info]  [RadiumWebsocketClient] Connected to mods agent.
[2026-07-23 19:48:52.948] [info]  [RadiumWebsocketClient] Connected to Mods Agent on port 57537.
[2026-07-23 19:48:54.118] [debug] [AnalyticsService] Executing GET request https://analyticsnew.overwolf.com/analytics/Counter?Name=cf_app_page_changed&MUID=c7cdfe97-0bc7-1c1c-548b-f4eda712c081&MUIDV2=c7cdfe97-0bc7-1c1c-548b-f4eda712c081&owver=39.6.1&Extra=%7B%22app_ver%22%3A%221.314.0.36643%22%2C%22os_ver%22%3A%22linux%22%2C%22app_type%22%3A%22Electron%22%2C%22currentAppPage%22%3A%22HomePage%22%7D.
[2026-07-23 19:48:55.187] [debug] [AnalyticsService] Executed GET request https://analyticsnew.overwolf.com/analytics/Counter?Name=cf_app_page_changed&MUID=c7cdfe97-0bc7-1c1c-548b-f4eda712c081&MUIDV2=c7cdfe97-0bc7-1c1c-548b-f4eda712c081&owver=39.6.1&Extra=%7B%22app_ver%22%3A%221.314.0.36643%22%2C%22os_ver%22%3A%22linux%22%2C%22app_type%22%3A%22Electron%22%2C%22currentAppPage%22%3A%22HomePage%22%7D. Status code: 200.
[2026-07-23 19:48:55.771] [info]  [GamesScanStartedEventHandler] Games scan started. Comprehensive: false.
[2026-07-23 19:48:55.812] [info]  [GamesScanCompletedEventHandler] Games scan completed. Comprehensive: false. Canceled: false.
[2026-07-23 19:48:55.825] [info]  [CoreServiceImpl] Mods agent was initialized successfully.
[2026-07-23 19:48:55.826] [info]  [AppConnectivityService] Reporting app connectivity.
[2026-07-23 19:48:55.827] [debug] [AnalyticsService] Executing POST request https://tracking.overwolf.com/tracking/InsertStats?Stats=true.
[2026-07-23 19:48:56.329] [info]  [Renderer - Main Window] Startup game was not found [ [] ]
[2026-07-23 19:48:58.141] [debug] [AnalyticsService] Executed POST request https://tracking.overwolf.com/tracking/InsertStats?Stats=true. Status code: 200.
[2026-07-23 19:48:58.141] [info]  [AnalyticsService] Sent a Grafana event to https://tracking.overwolf.com/tracking/InsertStats?Stats=true.
[2026-07-23 19:48:58.146] [debug] [AnalyticsService] Executing GET request https://analyticsnew.overwolf.com/analytics/Counter?Name=cf_app_session_info&MUID=c7cdfe97-0bc7-1c1c-548b-f4eda712c081&MUIDV2=c7cdfe97-0bc7-1c1c-548b-f4eda712c081&owver=39.6.1&Extra=%7B%22app_ver%22%3A%221.314.0.36643%22%2C%22os_ver%22%3A%22linux%22%2C%22app_type%22%3A%22Electron%22%2C%22isLoggedIn%22%3Afalse%2C%22isSyncEnabled%22%3Afalse%2C%22appLanguage%22%3A%22en%22%2C%22groupsCount%22%3A%7B%7D%2C%22isMojangLoggedIn%22%3Afalse%2C%22minecraftLauncherTypes%22%3A%5B%5D%7D.
[2026-07-23 19:48:58.299] [debug] [AnalyticsService] Executed GET request https://analyticsnew.overwolf.com/analytics/Counter?Name=cf_app_session_info&MUID=c7cdfe97-0bc7-1c1c-548b-f4eda712c081&MUIDV2=c7cdfe97-0bc7-1c1c-548b-f4eda712c081&owver=39.6.1&Extra=%7B%22app_ver%22%3A%221.314.0.36643%22%2C%22os_ver%22%3A%22linux%22%2C%22app_type%22%3A%22Electron%22%2C%22isLoggedIn%22%3Afalse%2C%22isSyncEnabled%22%3Afalse%2C%22appLanguage%22%3A%22en%22%2C%22groupsCount%22%3A%7B%7D%2C%22isMojangLoggedIn%22%3Afalse%2C%22minecraftLauncherTypes%22%3A%5B%5D%7D. Status code: 200.
[2026-07-23 19:48:58.300] [info]  [ElectronApplication] CRN Api is not available.
[2026-07-23 19:48:58.303] [info]  [AppLaunchService] No install params to launch and install project.
[2026-07-23 19:49:07.232] [debug] [AnalyticsService] Executing GET request https://analyticsnew.overwolf.com/analytics/Counter?Name=cf_app_user_action&MUID=c7cdfe97-0bc7-1c1c-548b-f4eda712c081&MUIDV2=c7cdfe97-0bc7-1c1c-548b-f4eda712c081&owver=39.6.1&Extra=%7B%22app_ver%22%3A%221.314.0.36643%22%2C%22os_ver%22%3A%22linux%22%2C%22app_type%22%3A%22Electron%22%2C%22action%22%3A%22performUserLogin%22%7D.
[2026-07-23 19:49:08.219] [debug] [AnalyticsService] Executed GET request https://analyticsnew.overwolf.com/analytics/Counter?Name=cf_app_user_action&MUID=c7cdfe97-0bc7-1c1c-548b-f4eda712c081&MUIDV2=c7cdfe97-0bc7-1c1c-548b-f4eda712c081&owver=39.6.1&Extra=%7B%22app_ver%22%3A%221.314.0.36643%22%2C%22os_ver%22%3A%22linux%22%2C%22app_type%22%3A%22Electron%22%2C%22action%22%3A%22performUserLogin%22%7D. Status code: 200.
[2026-07-23 19:49:08.248] [error] [LoginService] Failed to register login scheme. This might create issues with the login process..
[2026-07-23 19:49:08.249] [info]  [ElectronPlatformServiceImpl] Opening external uri: https://curseforge.overwolf.com/auth/v3/login-start.html?**masked** ....
[2026-07-23 19:49:10.494] [debug] [AnalyticsService] Executing GET request https://analyticsnew.overwolf.com/analytics/Counter?Name=cf_app_user_action&MUID=c7cdfe97-0bc7-1c1c-548b-f4eda712c081&MUIDV2=c7cdfe97-0bc7-1c1c-548b-f4eda712c081&owver=39.6.1&Extra=%7B%22app_ver%22%3A%221.314.0.36643%22%2C%22os_ver%22%3A%22linux%22%2C%22app_type%22%3A%22Electron%22%2C%22action%22%3A%22performUserLogin%22%7D.
[2026-07-23 19:49:10.981] [debug] [AnalyticsService] Executed GET request https://analyticsnew.overwolf.com/analytics/Counter?Name=cf_app_user_action&MUID=c7cdfe97-0bc7-1c1c-548b-f4eda712c081&MUIDV2=c7cdfe97-0bc7-1c1c-548b-f4eda712c081&owver=39.6.1&Extra=%7B%22app_ver%22%3A%221.314.0.36643%22%2C%22os_ver%22%3A%22linux%22%2C%22app_type%22%3A%22Electron%22%2C%22action%22%3A%22performUserLogin%22%7D. Status code: 200.
[2026-07-23 19:49:11.009] [error] [LoginService] Failed to register login scheme. This might create issues with the login process..
[2026-07-23 19:49:11.010] [info]  [ElectronPlatformServiceImpl] Opening external uri: https://curseforge.overwolf.com/auth/v3/login-start.html?**masked** ....
[2026-07-23 19:51:03.196] [info]  [NetworkStatusChangedEventHandler] Network Status Changed, Status:Offline.
[2026-07-23 19:51:06.118] [info]  [NetworkStatusChangedEventHandler] Network Status Changed, Status:Online.
[2026-07-23 19:51:07.452] [info]  [NetworkStatusChangedEventHandler] Network Status Changed, Status:Offline.
[2026-07-23 19:51:08.367] [info]  [NetworkStatusChangedEventHandler] Network Status Changed, Status:Offline.
[2026-07-23 19:51:08.570] [info]  [NetworkStatusChangedEventHandler] Network Status Changed, Status:Online.
[2026-07-23 19:51:13.641] [debug] [AnalyticsService] Executing GET request https://analyticsnew.overwolf.com/analytics/Counter?Name=cf_app_user_action&MUID=c7cdfe97-0bc7-1c1c-548b-f4eda712c081&MUIDV2=c7cdfe97-0bc7-1c1c-548b-f4eda712c081&owver=39.6.1&Extra=%7B%22app_ver%22%3A%221.314.0.36643%22%2C%22os_ver%22%3A%22linux%22%2C%22app_type%22%3A%22Electron%22%2C%22action%22%3A%22performUserLogin%22%7D.
[2026-07-23 19:51:17.956] [debug] [AnalyticsService] Executed GET request https://analyticsnew.overwolf.com/analytics/Counter?Name=cf_app_user_action&MUID=c7cdfe97-0bc7-1c1c-548b-f4eda712c081&MUIDV2=c7cdfe97-0bc7-1c1c-548b-f4eda712c081&owver=39.6.1&Extra=%7B%22app_ver%22%3A%221.314.0.36643%22%2C%22os_ver%22%3A%22linux%22%2C%22app_type%22%3A%22Electron%22%2C%22action%22%3A%22performUserLogin%22%7D. Status code: 200.
[2026-07-23 19:51:17.985] [error] [LoginService] Failed to register login scheme. This might create issues with the login process..
[2026-07-23 19:51:17.985] [info]  [ElectronPlatformServiceImpl] Opening external uri: https://curseforge.overwolf.com/auth/v3/login-start.html?**masked** ....
[2026-07-23 19:52:34.742] [debug] [AnalyticsService] Executing GET request https://analyticsnew.overwolf.com/analytics/Counter?Name=cf_app_user_action&MUID=c7cdfe97-0bc7-1c1c-548b-f4eda712c081&MUIDV2=c7cdfe97-0bc7-1c1c-548b-f4eda712c081&owver=39.6.1&Extra=%7B%22app_ver%22%3A%221.314.0.36643%22%2C%22os_ver%22%3A%22linux%22%2C%22app_type%22%3A%22Electron%22%2C%22action%22%3A%22performUserLogin%22%7D.
[2026-07-23 19:52:35.266] [debug] [AnalyticsService] Executed GET request https://analyticsnew.overwolf.com/analytics/Counter?Name=cf_app_user_action&MUID=c7cdfe97-0bc7-1c1c-548b-f4eda712c081&MUIDV2=c7cdfe97-0bc7-1c1c-548b-f4eda712c081&owver=39.6.1&Extra=%7B%22app_ver%22%3A%221.314.0.36643%22%2C%22os_ver%22%3A%22linux%22%2C%22app_type%22%3A%22Electron%22%2C%22action%22%3A%22performUserLogin%22%7D. Status code: 200.
[2026-07-23 19:52:35.295] [error] [LoginService] Failed to register login scheme. This might create issues with the login process..
[2026-07-23 19:52:35.296] [info]  [ElectronPlatformServiceImpl] Opening external uri: https://curseforge.overwolf.com/auth/v3/login-start.html?**masked** ....
[2026-07-23 19:52:40.054] [info]  [DesktopWindow] Desktop window closed.
[2026-07-23 19:52:40.055] [info]  [SessionsService] session ended.
[2026-07-23 19:52:40.055] [info]  [BackgroundController] Shutting down....
[2026-07-23 19:52:40.056] [info]  [BackgroundController] Destroying app windows....
[2026-07-23 19:52:40.056] [info]  [AutoUpdateServiceImpl] Stopping auto update service.
[2026-07-23 19:52:40.057] [info]  [CoreServiceImpl] Performing shutdown cleanup actions.
[2026-07-23 19:52:40.057] [info]  [InstalledProjectsAppServiceImpl] Cleanup - committing deletion transactions.
[2026-07-23 19:52:40.058] [info]  [InstalledProjectsAppServiceImpl] Flushing 0 projects which are pending deletion.
[2026-07-23 19:52:40.058] [info]  [CoreServiceImpl] Shutdown cleanup actions complete.
[2026-07-23 19:52:40.058] [info]  [PluginCommunication] Shutting down the Mods Agent.
[2026-07-23 19:52:40.218] [info]  [BackgroundController] Shutdown complete. Exiting app....
