[2026-07-28 21:02:29.876] [info]  [EleriumCommunicationLayer] setCfCoreHost called with https://api.curseforge.com.
[2026-07-28 21:02:29.880] [info]  [ConfigurationServiceImpl] Current env: production.
[2026-07-28 21:02:29.892] [info]  [BackgroundController] App version: 1.314.0.36643.
[2026-07-28 21:02:29.892] [info]  [BackgroundController] OS: linux.
[2026-07-28 21:02:29.893] [info]  [BackgroundController] OS version: 7.1.3-arch1-2.
[2026-07-28 21:02:29.893] [info]  [BackgroundController] App startup args: /tmp/.mount_cursefn8Fife/curseforge.
[2026-07-28 21:02:29.893] [info]  [BackgroundController] ph%: 57.
[2026-07-28 21:02:29.920] [error] [BackgroundController] Failed subscribing app protocol.
[2026-07-28 21:02:30.295] [info]  [BackgroundController] Electron App Ready. Continuing Initialization....
[2026-07-28 21:02:30.297] [info]  [ClientOverridesImpl] Fetching https://curseforge.overwolf.com/downloads/client-overrides-v2.json ....
[2026-07-28 21:02:30.513] [info]  [AppUpdateServiceImpl] Checking if app has an update which is available locally..
[2026-07-28 21:02:30.514] [info]  [AppUpdateServiceImpl] Checking for available application updates. Current app version is 1.314.0-36643.
[2026-07-28 21:02:30.514] [info]  Checking for update
[2026-07-28 21:02:30.515] [info]  Electron Updater - Checking for application update
[2026-07-28 21:02:30.826] [info]  Update for version 1.314.0-36643 is not available (latest version: 1.314.0-36643, downgrade is disallowed).
[2026-07-28 21:02:30.826] [info]  Electron Updater - App update is not available. Latest Version: 1.314.0-36643. Release Date: 2026-07-19T09:51:05.028Z
[2026-07-28 21:02:30.827] [info]  [AppUpdateStateChangedEventHandler] App update state changed: [object Object].
[2026-07-28 21:02:30.828] [info]  [AppUpdateServiceImpl] No updates are available for the app..
[2026-07-28 21:02:31.215] [info]  [Renderer - Main Window] Initializing Sentry service [ [] ]
[2026-07-28 21:02:31.242] [info]  [AutoUpdateServiceImpl] Starting auto update service.
[2026-07-28 21:02:31.242] [info]  [AutoUpdateServiceImpl] Auto updater is disabled by configuration.
[2026-07-28 21:02:31.242] [info]  [LoginService] Validating login status.
[2026-07-28 21:02:31.243] [info]  [SessionInfoRepositoryImpl] Loading login tokens from storage.
[2026-07-28 21:02:31.243] [info]  [SessionInfoRepositoryImpl] Missing mandatory tokens. Clearing storage.
[2026-07-28 21:02:31.243] [info]  [SessionInfoRepositoryImpl] Clearing tokens from storage.
[2026-07-28 21:02:31.244] [info]  [LoginService] No login tokens found..
[2026-07-28 21:02:31.245] [info]  [SessionInfoRepositoryImpl] Clearing tokens from storage.
[2026-07-28 21:02:31.245] [info]  [LoginService] Notifying logged out status.
[2026-07-28 21:02:31.246] [info]  [SessionInfoRepositoryImpl] Clearing tokens from storage.
[2026-07-28 21:02:31.247] [error] [LoggedOutEventHandler] Failed to update client session info. Error: Radium API is not ready
[2026-07-28 21:02:31.290] [info]  [GameAuthUsersChangedEventHandler] Minecraft Users info loaded.
[2026-07-28 21:02:31.291] [info]  [LoggedOutEventHandler] User is logged out.
[2026-07-28 21:02:31.291] [info]  [MarketingVideosServiceImpl] Fetching https://mrkt.forgecdn.net/app-vids/onboarding_videos.json ....
[2026-07-28 21:02:31.293] [info]  [AppUpdatePeriodicChecker] Running periodic app update check.
[2026-07-28 21:02:31.293] [info]  [AppUpdateServiceImpl] Checking for available application updates. Current app version is 1.314.0-36643.
[2026-07-28 21:02:31.293] [info]  Checking for update
[2026-07-28 21:02:31.293] [info]  Electron Updater - Checking for application update
[2026-07-28 21:02:31.319] [info]  Update for version 1.314.0-36643 is not available (latest version: 1.314.0-36643, downgrade is disallowed).
[2026-07-28 21:02:31.319] [info]  Electron Updater - App update is not available. Latest Version: 1.314.0-36643. Release Date: 2026-07-19T09:51:05.028Z
[2026-07-28 21:02:31.319] [info]  [AppUpdateStateChangedEventHandler] App update state changed: [object Object].
[2026-07-28 21:02:31.319] [info]  [AppUpdateServiceImpl] No updates are available for the app..
[2026-07-28 21:02:31.319] [info]  [AppUpdatePeriodicChecker] No app update. Scheduling the next update check in 900000 milliseconds.
[2026-07-28 21:02:31.417] [info]  [PluginCommunication] Connecting to Mods Agent.
[2026-07-28 21:02:31.418] [info]  [PluginProcessHost] Starting Mods Agent with ports range 52719-52739.
[2026-07-28 21:02:31.418] [info]  [PluginProcessHost] Launching Mods Agent process /tmp/.mount_cursefn8Fife/resources/app.asar.unpacked/plugins/curse/linux/Curse.Agent.Host with args: --port=52719,--to-port=52739,--pid=3530,--appDataPath=/home/arvid/.config/CurseForge,--api-key=cd4f94e9-f395-4c50-9e91-11cd96b99f6f,--clientId=Overwolf.
[2026-07-28 21:02:31.618] [info]  [PluginProcessHost] Agent stdout: Starting CurseForge Agent Host.
[2026-07-28 21:02:31.950] [info]  [PluginProcessHost] Agent stdout: Agent Data path is /home/arvid/.config/CurseForge/agent.
[2026-07-28 21:02:31.950] [info]  [PluginProcessHost] Agent stdout: Agent Log path is /home/arvid/.config/CurseForge/agent/logs.
[2026-07-28 21:02:32.467] [debug] [AnalyticsService] Executing GET request https://analyticsnew.overwolf.com/analytics/Counter?Name=cf_app_page_changed&MUID=c7cdfe97-0bc7-1c1c-548b-f4eda712c081&MUIDV2=c7cdfe97-0bc7-1c1c-548b-f4eda712c081&owver=39.6.1&Extra=%7B%22app_ver%22%3A%221.314.0.36643%22%2C%22os_ver%22%3A%22linux%22%2C%22app_type%22%3A%22Electron%22%2C%22currentAppPage%22%3A%22HomePage%22%7D.
[2026-07-28 21:02:32.581] [info]  [Renderer - Main Window] Starting Ads. Size: Container Id: curseforge_desktop_banner, Size: [{"width":400,"height":60}], Element ID: curseforge_desktop_banner [ [] ]
[2026-07-28 21:02:32.582] [info]  [Renderer - Main Window] Starting electron ads sdk [
  [
    {
      appId: 'pnhpggjfelbelmidfhnebbhfkabchccbheggegjc',
      muid: 'c7cdfe97-0bc7-1c1c-548b-f4eda712c081',
      appVersion: '1.314.0.36643',
      userAgent: 'Mozilla/5.0 (X11; Linux x86_64) AppleWebKit/537.36 (KHTML, like Gecko) CurseForge/1.314.0-36643 Chrome/142.0.7444.265 Electron/39.6.1 Safari/537.36',
      size: [ { width: 400, height: 60 } ],
      containerId: 'curseforge_desktop_banner'
    }
  ]
]
[2026-07-28 21:02:32.591] [debug] [AnalyticsService] Executing GET request https://analyticsnew.overwolf.com/analytics/Counter?Name=cf_app_ads_library_initialized&MUID=c7cdfe97-0bc7-1c1c-548b-f4eda712c081&MUIDV2=c7cdfe97-0bc7-1c1c-548b-f4eda712c081&owver=39.6.1&Extra=%7B%22app_ver%22%3A%221.314.0.36643%22%2C%22os_ver%22%3A%22linux%22%2C%22app_type%22%3A%22Electron%22%7D.
[2026-07-28 21:02:32.586] [info]  [Renderer - Main Window] Starting Ads. Size: Container Id: curseforge_desktop_large, Size: [{"width":400,"height":600},{"width":1,"height":1}], Element ID: curseforge_desktop_large [ [] ]
[2026-07-28 21:02:32.586] [info]  [Renderer - Main Window] Starting electron ads sdk [
  [
    {
      appId: 'pnhpggjfelbelmidfhnebbhfkabchccbheggegjc',
      muid: 'c7cdfe97-0bc7-1c1c-548b-f4eda712c081',
      appVersion: '1.314.0.36643',
      userAgent: 'Mozilla/5.0 (X11; Linux x86_64) AppleWebKit/537.36 (KHTML, like Gecko) CurseForge/1.314.0-36643 Chrome/142.0.7444.265 Electron/39.6.1 Safari/537.36',
      size: [ { width: 400, height: 600 }, { width: 1, height: 1 } ],
      containerId: 'curseforge_desktop_large'
    }
  ]
]
[2026-07-28 21:02:32.595] [debug] [AnalyticsService] Executed GET request https://analyticsnew.overwolf.com/analytics/Counter?Name=cf_app_page_changed&MUID=c7cdfe97-0bc7-1c1c-548b-f4eda712c081&MUIDV2=c7cdfe97-0bc7-1c1c-548b-f4eda712c081&owver=39.6.1&Extra=%7B%22app_ver%22%3A%221.314.0.36643%22%2C%22os_ver%22%3A%22linux%22%2C%22app_type%22%3A%22Electron%22%2C%22currentAppPage%22%3A%22HomePage%22%7D. Status code: 200.
[2026-07-28 21:02:32.599] [debug] [AnalyticsService] Executing GET request https://analyticsnew.overwolf.com/analytics/Counter?Name=cf_app_ads_library_initialized&MUID=c7cdfe97-0bc7-1c1c-548b-f4eda712c081&MUIDV2=c7cdfe97-0bc7-1c1c-548b-f4eda712c081&owver=39.6.1&Extra=%7B%22app_ver%22%3A%221.314.0.36643%22%2C%22os_ver%22%3A%22linux%22%2C%22app_type%22%3A%22Electron%22%7D.
[2026-07-28 21:02:32.620] [debug] [AnalyticsService] Executed GET request https://analyticsnew.overwolf.com/analytics/Counter?Name=cf_app_ads_library_initialized&MUID=c7cdfe97-0bc7-1c1c-548b-f4eda712c081&MUIDV2=c7cdfe97-0bc7-1c1c-548b-f4eda712c081&owver=39.6.1&Extra=%7B%22app_ver%22%3A%221.314.0.36643%22%2C%22os_ver%22%3A%22linux%22%2C%22app_type%22%3A%22Electron%22%7D. Status code: 200.
[2026-07-28 21:02:32.708] [debug] [AnalyticsService] Executed GET request https://analyticsnew.overwolf.com/analytics/Counter?Name=cf_app_ads_library_initialized&MUID=c7cdfe97-0bc7-1c1c-548b-f4eda712c081&MUIDV2=c7cdfe97-0bc7-1c1c-548b-f4eda712c081&owver=39.6.1&Extra=%7B%22app_ver%22%3A%221.314.0.36643%22%2C%22os_ver%22%3A%22linux%22%2C%22app_type%22%3A%22Electron%22%7D. Status code: 200.
[2026-07-28 21:02:33.158] [info]  [PluginProcessHost] Agent stdout: 07/28/2026 21:02:33 [Info] Server started at ws://127.0.0.1:52719/CurseForge (actual port 52719) .
[2026-07-28 21:02:33.158] [info]  [PluginProcessHost] Mods Agent started. pid: 3648, port: 52719.
[2026-07-28 21:02:33.159] [info]  [RadiumWebsocketClient] Connecting to Mods Agent CurseForge on ports range 52719-52719.
[2026-07-28 21:02:33.169] [info]  [PluginProcessHost] Agent stdout: Mods Agent server started on port 52719.
[2026-07-28 21:02:33.221] [info]  [RadiumWebsocketClient] Connected to mods agent.
[2026-07-28 21:02:33.221] [info]  [RadiumWebsocketClient] Connected to Mods Agent on port 52719.
[2026-07-28 21:02:34.742] [info]  [ModpackDetectedEventHandler] Modpack 877f9167-63dc-4953-bbb3-9b454431c579 detected.
[2026-07-28 21:02:34.762] [info]  [AnalyzingGameInstanceEventHandler] Analyzing Instance: yello (no flavor) - 877f9167-63dc-4953-bbb3-9b454431c579 (/home/arvid/Documents/curseforge/minecraft/Instances/yello/).
[2026-07-28 21:02:34.803] [info]  [GamesScanStartedEventHandler] Games scan started. Comprehensive: false.
[2026-07-28 21:02:34.804] [info]  [GamesScanCompletedEventHandler] Games scan completed. Comprehensive: false. Canceled: false.
[2026-07-28 21:02:34.815] [debug] [ModpackInstanceRepository] Got modpack 877f9167-63dc-4953-bbb3-9b454431c579 in 72.46ms.
[2026-07-28 21:02:34.855] [info]  [CoreServiceImpl] Mods agent was initialized successfully.
[2026-07-28 21:02:34.909] [debug] [AnalyticsService] Executing GET request https://analyticsnew.overwolf.com/analytics/Counter?Name=cf_app_session_info&MUID=c7cdfe97-0bc7-1c1c-548b-f4eda712c081&MUIDV2=c7cdfe97-0bc7-1c1c-548b-f4eda712c081&owver=39.6.1&Extra=%7B%22app_ver%22%3A%221.314.0.36643%22%2C%22os_ver%22%3A%22linux%22%2C%22app_type%22%3A%22Electron%22%2C%22isLoggedIn%22%3Afalse%2C%22isSyncEnabled%22%3Afalse%2C%22appLanguage%22%3A%22en%22%2C%22groupsCount%22%3A%7B%7D%2C%22isMojangLoggedIn%22%3Atrue%2C%22minecraftLauncherTypes%22%3A%5B0%5D%7D.
[2026-07-28 21:02:34.979] [debug] [AnalyticsService] Executed GET request https://analyticsnew.overwolf.com/analytics/Counter?Name=cf_app_session_info&MUID=c7cdfe97-0bc7-1c1c-548b-f4eda712c081&MUIDV2=c7cdfe97-0bc7-1c1c-548b-f4eda712c081&owver=39.6.1&Extra=%7B%22app_ver%22%3A%221.314.0.36643%22%2C%22os_ver%22%3A%22linux%22%2C%22app_type%22%3A%22Electron%22%2C%22isLoggedIn%22%3Afalse%2C%22isSyncEnabled%22%3Afalse%2C%22appLanguage%22%3A%22en%22%2C%22groupsCount%22%3A%7B%7D%2C%22isMojangLoggedIn%22%3Atrue%2C%22minecraftLauncherTypes%22%3A%5B0%5D%7D. Status code: 200.
[2026-07-28 21:02:34.980] [info]  [ElectronApplication] CRN Api is not available.
[2026-07-28 21:02:35.359] [info]  [Renderer - Main Window] Redirecting to game 432 [ [] ]
[2026-07-28 21:02:35.511] [info]  [ReleaseNotesApiImpl] Fetching /1.314.0.36643/release-notes/1 ....
[2026-07-28 21:02:35.527] [info]  [Renderer - Main Window] Getting game 432 category classes [ [] ]
[2026-07-28 21:02:35.527] [info]  [Renderer - Main Window] Getting game 432 categories [ [] ]
[2026-07-28 21:02:35.541] [debug] [AnalyticsService] Executing GET request https://analyticsnew.overwolf.com/analytics/Counter?Name=cf_app_page_changed&MUID=c7cdfe97-0bc7-1c1c-548b-f4eda712c081&MUIDV2=c7cdfe97-0bc7-1c1c-548b-f4eda712c081&owver=39.6.1&Extra=%7B%22app_ver%22%3A%221.314.0.36643%22%2C%22os_ver%22%3A%22linux%22%2C%22app_type%22%3A%22Electron%22%2C%22currentAppPage%22%3A%22MyModpacksPage%22%7D.
[2026-07-28 21:02:35.541] [info]  [Renderer - Main Window] Got 148 categories for game 432 [ [] ]
[2026-07-28 21:02:35.543] [info]  [ModpacksAppServiceImpl] Getting game 432 installed modpacks.
[2026-07-28 21:02:35.546] [info]  [MeasurementAppServiceImpl] starting measurement game-dau.
[2026-07-28 21:02:35.547] [info]  [Renderer - Main Window] No last game instance guid to choose from [ [] ]
[2026-07-28 21:02:35.550] [debug] [ModpackInstanceRepository] Loaded 1 modpacks for game 432 in 6.44ms.
[2026-07-28 21:02:35.564] [info]  [MinecraftLoginAppServiceImpl] Get Microsoft Users Info.
[2026-07-28 21:02:35.564] [info]  [Renderer - Main Window] Getting game 432 install mod request from queue [ [] ]
[2026-07-28 21:02:35.566] [info]  [MinecraftLoginAppServiceImpl] Get Microsoft Users Info.
[2026-07-28 21:02:35.576] [debug] [AnalyticsService] Executed GET request https://analyticsnew.overwolf.com/analytics/Counter?Name=cf_app_page_changed&MUID=c7cdfe97-0bc7-1c1c-548b-f4eda712c081&MUIDV2=c7cdfe97-0bc7-1c1c-548b-f4eda712c081&owver=39.6.1&Extra=%7B%22app_ver%22%3A%221.314.0.36643%22%2C%22os_ver%22%3A%22linux%22%2C%22app_type%22%3A%22Electron%22%2C%22currentAppPage%22%3A%22MyModpacksPage%22%7D. Status code: 200.
[2026-07-28 21:02:35.750] [info]  [MinecraftLoginAppServiceImpl] Get Microsoft User Info.
[2026-07-28 21:02:35.750] [info]  [Renderer - Main Window] Game 432 has no pending install mod request [ [] ]
[2026-07-28 21:02:35.751] [info]  [MinecraftLoginAppServiceImpl] Get Microsoft User Info.
[2026-07-28 21:02:45.552] [info]  [AnalyticsStorageManager] Already tracked cf_daily_active_user_per_game_v2_gameId.432 today.
[2026-07-28 21:02:45.553] [info]  [AnalyticsService] trackDailyUnique is unique: false.
[2026-07-28 21:02:52.009] [info]  [DesktopWindow] Desktop window closed.
[2026-07-28 21:02:52.010] [info]  [SessionsService] session ended.
[2026-07-28 21:02:52.010] [info]  [BackgroundController] Shutting down....
[2026-07-28 21:02:52.011] [info]  [BackgroundController] Destroying app windows....
[2026-07-28 21:02:52.012] [info]  [AutoUpdateServiceImpl] Stopping auto update service.
[2026-07-28 21:02:52.013] [info]  [CoreServiceImpl] Performing shutdown cleanup actions.
[2026-07-28 21:02:52.013] [info]  [InstalledProjectsAppServiceImpl] Cleanup - committing deletion transactions.
[2026-07-28 21:02:52.014] [info]  [InstalledProjectsAppServiceImpl] Flushing 0 projects which are pending deletion.
[2026-07-28 21:02:52.014] [info]  [CoreServiceImpl] Shutdown cleanup actions complete.
[2026-07-28 21:02:52.015] [info]  [PluginCommunication] Shutting down the Mods Agent.
[2026-07-28 21:02:52.433] [info]  [BackgroundController] Shutdown complete. Exiting app....
