[2026-07-28 21:02:29.878] [info]  [EleriumCommunicationLayer] setCfCoreHost called with https://api.curseforge.com.
[2026-07-28 21:02:29.880] [info]  [ConfigurationServiceImpl] Current env: production.
[2026-07-28 21:02:29.892] [info]  [BackgroundController] App version: 1.314.0.36643.
[2026-07-28 21:02:29.893] [info]  [BackgroundController] OS: linux.
[2026-07-28 21:02:29.893] [info]  [BackgroundController] OS version: 7.1.3-arch1-2.
[2026-07-28 21:02:29.893] [info]  [BackgroundController] App startup args: /tmp/.mount_cursefn8Fife/curseforge.
[2026-07-28 21:02:29.894] [info]  [BackgroundController] ph%: 57.
[2026-07-28 21:02:29.921] [error] [BackgroundController] Failed subscribing app protocol.
[2026-07-28 21:02:30.295] [info]  [BackgroundController] Electron App Ready. Continuing Initialization....
[2026-07-28 21:02:30.297] [info]  [ClientOverridesImpl] Fetching https://curseforge.overwolf.com/downloads/client-overrides-v2.json ....
[2026-07-28 21:02:30.513] [info]  [AppUpdateServiceImpl] Checking if app has an update which is available locally..
[2026-07-28 21:02:30.514] [info]  [AppUpdateServiceImpl] Checking for available application updates. Current app version is 1.314.0-36643.
[2026-07-28 21:02:30.827] [info]  [AppUpdateStateChangedEventHandler] App update state changed: [object Object].
[2026-07-28 21:02:30.828] [info]  [AppUpdateServiceImpl] No updates are available for the app..
[2026-07-28 21:02:31.242] [info]  [AutoUpdateServiceImpl] Starting auto update service.
[2026-07-28 21:02:31.242] [info]  [AutoUpdateServiceImpl] Auto updater is disabled by configuration.
[2026-07-28 21:02:31.243] [info]  [LoginService] Validating login status.
[2026-07-28 21:02:31.243] [info]  [SessionInfoRepositoryImpl] Loading login tokens from storage.
[2026-07-28 21:02:31.243] [info]  [SessionInfoRepositoryImpl] Missing mandatory tokens. Clearing storage.
[2026-07-28 21:02:31.243] [info]  [SessionInfoRepositoryImpl] Clearing tokens from storage.
[2026-07-28 21:02:31.245] [info]  [LoginService] No login tokens found..
[2026-07-28 21:02:31.245] [info]  [SessionInfoRepositoryImpl] Clearing tokens from storage.
[2026-07-28 21:02:31.246] [info]  [LoginService] Notifying logged out status.
[2026-07-28 21:02:31.246] [info]  [SessionInfoRepositoryImpl] Clearing tokens from storage.
[2026-07-28 21:02:31.247] [error] [LoggedOutEventHandler] Failed to update client session info. Error: Radium API is not ready
[2026-07-28 21:02:31.291] [info]  [GameAuthUsersChangedEventHandler] Minecraft Users info loaded.
[2026-07-28 21:02:31.291] [info]  [LoggedOutEventHandler] User is logged out.
[2026-07-28 21:02:31.292] [info]  [MarketingVideosServiceImpl] Fetching https://mrkt.forgecdn.net/app-vids/onboarding_videos.json ....
[2026-07-28 21:02:31.293] [info]  [AppUpdatePeriodicChecker] Running periodic app update check.
[2026-07-28 21:02:31.293] [info]  [AppUpdateServiceImpl] Checking for available application updates. Current app version is 1.314.0-36643.
[2026-07-28 21:02:31.319] [info]  [AppUpdateStateChangedEventHandler] App update state changed: [object Object].
[2026-07-28 21:02:31.319] [info]  [AppUpdateServiceImpl] No updates are available for the app..
[2026-07-28 21:02:31.320] [info]  [AppUpdatePeriodicChecker] No app update. Scheduling the next update check in 900000 milliseconds.
[2026-07-28 21:02:31.417] [info]  [PluginCommunication] Connecting to Mods Agent.
[2026-07-28 21:02:31.418] [info]  [PluginProcessHost] Starting Mods Agent with ports range 52719-52739.
[2026-07-28 21:02:31.418] [info]  [PluginProcessHost] Launching Mods Agent process /tmp/.mount_cursefn8Fife/resources/app.asar.unpacked/plugins/curse/linux/Curse.Agent.Host with args: --port=52719,--to-port=52739,--pid=3530,--appDataPath=/home/arvid/.config/CurseForge,--api-key=cd4f94e9-f395-4c50-9e91-11cd96b99f6f,--clientId=Overwolf.
[2026-07-28 21:02:31.618] [info]  [PluginProcessHost] Agent stdout: Starting CurseForge Agent Host.
[2026-07-28 21:02:31.950] [info]  [PluginProcessHost] Agent stdout: Agent Data path is /home/arvid/.config/CurseForge/agent.
[2026-07-28 21:02:31.950] [info]  [PluginProcessHost] Agent stdout: Agent Log path is /home/arvid/.config/CurseForge/agent/logs.
[2026-07-28 21:02:33.158] [info]  [PluginProcessHost] Agent stdout: 07/28/2026 21:02:33 [Info] Server started at ws://127.0.0.1:52719/CurseForge (actual port 52719) .
[2026-07-28 21:02:33.159] [info]  [PluginProcessHost] Mods Agent started. pid: 3648, port: 52719.
[2026-07-28 21:02:33.159] [info]  [RadiumWebsocketClient] Connecting to Mods Agent CurseForge on ports range 52719-52719.
[2026-07-28 21:02:33.169] [info]  [PluginProcessHost] Agent stdout: Mods Agent server started on port 52719.
[2026-07-28 21:02:33.221] [info]  [RadiumWebsocketClient] Connected to mods agent.
[2026-07-28 21:02:33.221] [info]  [RadiumWebsocketClient] Connected to Mods Agent on port 52719.
[2026-07-28 21:02:34.742] [info]  [ModpackDetectedEventHandler] Modpack 877f9167-63dc-4953-bbb3-9b454431c579 detected.
[2026-07-28 21:02:34.763] [info]  [AnalyzingGameInstanceEventHandler] Analyzing Instance: yello (no flavor) - 877f9167-63dc-4953-bbb3-9b454431c579 (/home/arvid/Documents/curseforge/minecraft/Instances/yello/).
[2026-07-28 21:02:34.803] [info]  [GamesScanStartedEventHandler] Games scan started. Comprehensive: false.
[2026-07-28 21:02:34.804] [info]  [GamesScanCompletedEventHandler] Games scan completed. Comprehensive: false. Canceled: false.
[2026-07-28 21:02:34.855] [info]  [CoreServiceImpl] Mods agent was initialized successfully.
[2026-07-28 21:02:34.980] [info]  [ElectronApplication] CRN Api is not available.
[2026-07-28 21:02:35.511] [info]  [ReleaseNotesApiImpl] Fetching /1.314.0.36643/release-notes/1 ....
[2026-07-28 21:02:35.544] [info]  [ModpacksAppServiceImpl] Getting game 432 installed modpacks.
[2026-07-28 21:02:35.546] [info]  [MeasurementAppServiceImpl] starting measurement game-dau.
[2026-07-28 21:02:35.564] [info]  [MinecraftLoginAppServiceImpl] Get Microsoft Users Info.
[2026-07-28 21:02:35.566] [info]  [MinecraftLoginAppServiceImpl] Get Microsoft Users Info.
[2026-07-28 21:02:35.750] [info]  [MinecraftLoginAppServiceImpl] Get Microsoft User Info.
[2026-07-28 21:02:35.751] [info]  [MinecraftLoginAppServiceImpl] Get Microsoft User Info.
[2026-07-28 21:02:45.552] [info]  [AnalyticsStorageManager] Already tracked cf_daily_active_user_per_game_v2_gameId.432 today.
[2026-07-28 21:02:45.553] [info]  [AnalyticsService] trackDailyUnique is unique: false.
[2026-07-28 21:02:52.009] [info]  [DesktopWindow] Desktop window closed.
[2026-07-28 21:02:52.010] [info]  [SessionsService] session ended.
[2026-07-28 21:02:52.011] [info]  [BackgroundController] Shutting down....
[2026-07-28 21:02:52.011] [info]  [BackgroundController] Destroying app windows....
[2026-07-28 21:02:52.012] [info]  [AutoUpdateServiceImpl] Stopping auto update service.
[2026-07-28 21:02:52.013] [info]  [CoreServiceImpl] Performing shutdown cleanup actions.
[2026-07-28 21:02:52.014] [info]  [InstalledProjectsAppServiceImpl] Cleanup - committing deletion transactions.
[2026-07-28 21:02:52.014] [info]  [InstalledProjectsAppServiceImpl] Flushing 0 projects which are pending deletion.
[2026-07-28 21:02:52.015] [info]  [CoreServiceImpl] Shutdown cleanup actions complete.
[2026-07-28 21:02:52.015] [info]  [PluginCommunication] Shutting down the Mods Agent.
[2026-07-28 21:02:52.433] [info]  [BackgroundController] Shutdown complete. Exiting app....
